// Jest Snapshot v1, https://goo.gl/fbAQLP

exports[`preview should route and preview a single message 1`] = `
Object {
  "channel": "email",
  "renderedTemplates": Object {
    "bcc": undefined,
    "cc": undefined,
    "from": undefined,
    "html": "
    <!doctype html>
    <html xmlns=\\"http://www.w3.org/1999/xhtml\\" xmlns:v=\\"urn:schemas-microsoft-com:vml\\" xmlns:o=\\"urn:schemas-microsoft-com:office:office\\">
      <head>
        <title>
          
        </title>
        <!--[if !mso]><!-- -->
        <meta http-equiv=\\"X-UA-Compatible\\" content=\\"IE=edge\\">
        <!--<![endif]-->
        <meta http-equiv=\\"Content-Type\\" content=\\"text/html; charset=UTF-8\\">
        <meta name=\\"viewport\\" content=\\"width=device-width, initial-scale=1\\">
        <style type=\\"text/css\\">
          #outlook a { padding:0; }
          body { margin:0;padding:0;-webkit-text-size-adjust:100%;-ms-text-size-adjust:100%; }
          table, td { border-collapse:collapse;mso-table-lspace:0pt;mso-table-rspace:0pt; }
          img { border:0;height:auto;line-height:100%; outline:none;text-decoration:none;-ms-interpolation-mode:bicubic; }
          p { display:block;margin:13px 0; }
        </style>
        <!--[if mso]>
        <xml>
        <o:OfficeDocumentSettings>
          <o:AllowPNG/>
          <o:PixelsPerInch>96</o:PixelsPerInch>
        </o:OfficeDocumentSettings>
        </xml>
        <![endif]-->
        <!--[if lte mso 11]>
        <style type=\\"text/css\\">
          .outlook-group-fix { width:100% !important; }
        </style>
        <![endif]-->
        
        
    <style type=\\"text/css\\">
      @media only screen and (min-width:480px) {
        .mj-column-per-100 { width:100% !important; max-width: 100%; }
      }
    </style>
    
  
        <style type=\\"text/css\\">
        
        
        </style>
        
        
      </head>
      <body style=\\"background-color:transparent;\\">
        
        
      <div class=\\"c--email-body\\" style=\\"background-color:transparent;\\">
        
      
      <!--[if mso | IE]>
      <table
         align=\\"center\\" border=\\"0\\" cellpadding=\\"0\\" cellspacing=\\"0\\" class=\\"c--block-outlook c--block-text-outlook\\" style=\\"width:9999px;\\" width=\\"9999\\"
      >
        <tr>
          <td style=\\"line-height:0px;font-size:0px;mso-line-height-rule:exactly;\\">
      <![endif]-->
    
      
      <div class=\\"c--block c--block-text\\" style=\\"margin:0px auto;max-width:9999px;\\">
        
        <table align=\\"center\\" border=\\"0\\" cellpadding=\\"0\\" cellspacing=\\"0\\" role=\\"presentation\\" style=\\"width:100%;\\">
          <tbody>
            <tr>
              <td style=\\"direction:ltr;font-size:0px;padding:0px;text-align:center;\\">
                <!--[if mso | IE]>
                  <table role=\\"presentation\\" border=\\"0\\" cellpadding=\\"0\\" cellspacing=\\"0\\">
                
        <tr>
      
            <td
               class=\\"\\" style=\\"vertical-align:top;width:9999px;\\"
            >
          <![endif]-->
            
      <div class=\\"mj-column-per-100 outlook-group-fix\\" style=\\"font-size:0px;text-align:left;direction:ltr;display:inline-block;vertical-align:top;width:100%;\\">
        
      <table border=\\"0\\" cellpadding=\\"0\\" cellspacing=\\"0\\" role=\\"presentation\\" width=\\"100%\\">
        <tbody>
          <tr>
            <td style=\\"background-color:transparent;vertical-align:top;padding:4px 0px;\\">
              
      <table border=\\"0\\" cellpadding=\\"0\\" cellspacing=\\"0\\" role=\\"presentation\\" style width=\\"100%\\">
        
            <tr>
              <td align=\\"left\\" class=\\"c--text-text\\" style=\\"font-size:0px;padding:0px;word-break:break-word;\\">
                
      <div style=\\"font-family:Helvetica, Arial, sans-serif;font-size:14px;line-height:18px;text-align:left;color:#4C4C4C;\\">world</div>
    
              </td>
            </tr>
          
      </table>
    
            </td>
          </tr>
        </tbody>
      </table>
    
      </div>
    
          <!--[if mso | IE]>
            </td>
          
        </tr>
      
                  </table>
                <![endif]-->
              </td>
            </tr>
          </tbody>
        </table>
        
      </div>
    
      
      <!--[if mso | IE]>
          </td>
        </tr>
      </table>
      <![endif]-->
    
    
      </div>
    
      </body>
    </html>
  ",
    "replyTo": undefined,
    "subject": "hello",
    "text": "world
",
  },
}
`;
