// Jest Snapshot v1, https://goo.gl/fbAQLP

exports[`send api v2 - email can get rendered html 1`] = `
"<html xmlns=\\"http://www.w3.org/1999/xhtml\\"><head>
        <title>
          
        </title>
        
        
        
        
        
        <style type=\\"text/css\\">
          #outlook a { padding:0; }
          body { margin:0;padding:0;-webkit-text-size-adjust:100%;-ms-text-size-adjust:100%; }
          table, td { border-collapse:collapse;mso-table-lspace:0pt;mso-table-rspace:0pt; }
          img { border:0;height:auto;line-height:100%; outline:none;text-decoration:none;-ms-interpolation-mode:bicubic; }
          p { display:block;margin:13px 0; }
        </style>
        
        
        
        
    <style type=\\"text/css\\">
      @media only screen and (min-width:480px) {
        .mj-column-per-100 { width:100% !important; max-width: 100%; }
      }
    </style>
    
  
        <style type=\\"text/css\\">
        
        

    @media only screen and (max-width:480px) {
      table.full-width-mobile { width: 100% !important; }
      td.full-width-mobile { width: auto !important; }
    }
  
        </style>
        
        
      </head>
      <body style=\\"background-color:#f5f5f5;\\">
    
        
        
      <div style=\\"padding-bottom: 20px; background-color: #f5f5f5;\\" class=\\"c--email-body\\">
        
      
      
    
      
      <div style=\\"margin:0px auto;max-width:582px;\\">
        
        <table style=\\"width:100%;\\" role=\\"presentation\\" cellspacing=\\"0\\" cellpadding=\\"0\\" border=\\"0\\" align=\\"center\\">
          <tbody>
            <tr>
              <td style=\\"direction:ltr;font-size:0px;padding:20px 0 0 0;text-align:center;\\">
                
    
      
      <div style=\\"border-bottom: 1px solid #f5f5f5; border-top: 6px solid #344563; border-radius: 7px 7px 0 0; background: #ffffff; background-color: #ffffff; margin: 0px auto; max-width: 582px;\\" class=\\"c--email-header\\">
        
        <table style=\\"background:#ffffff;background-color:#ffffff;width:100%;\\" role=\\"presentation\\" cellspacing=\\"0\\" cellpadding=\\"0\\" border=\\"0\\" align=\\"center\\">
          <tbody>
            <tr>
              <td style=\\"border-left:1px solid #f5f5f5;border-right:1px solid #f5f5f5;direction:ltr;font-size:0px;padding:0px;text-align:center;\\">
                
            
      <div style=\\"font-size:0px;text-align:left;direction:ltr;display:inline-block;vertical-align:top;width:100%;\\" class=\\"mj-column-per-100 outlook-group-fix\\">
        
      <table width=\\"100%\\" role=\\"presentation\\" cellspacing=\\"0\\" cellpadding=\\"0\\" border=\\"0\\">
        <tbody>
          <tr>
            <td style=\\"background-color:#ffffff;vertical-align:top;padding:0px;padding-top:20px;padding-bottom:20px;padding-left:20px;\\">
              
      <table width=\\"100%\\" style=\\"\\" role=\\"presentation\\" cellspacing=\\"0\\" cellpadding=\\"0\\" border=\\"0\\">
        
            <tbody><tr>
              <td style=\\"font-size:0px;padding:0px;word-break:break-word;\\" align=\\"left\\">
                
      <table style=\\"border-collapse:collapse;border-spacing:0px;\\" role=\\"presentation\\" cellspacing=\\"0\\" cellpadding=\\"0\\" border=\\"0\\">
        <tbody>
          <tr>
            <td style=\\"width:140px;\\">
              
        <a href=\\"REPLACED\\">
          
      <img src=\\"REPLACED\\" height=\\"auto\\">
    
        </a>
      
            </td>
          </tr>
        </tbody>
      </table>
    
              </td>
            </tr>
          
      </tbody></table>
    
            </td>
          </tr>
        </tbody>
      </table>
    
      </div>
    
          
              </td>
            </tr>
          </tbody>
        </table>
        
      </div>
    
      
      
    
      
      <div style=\\"background:#ffffff;background-color:#ffffff;margin:0px auto;max-width:582px;\\">
        
        <table style=\\"background:#ffffff;background-color:#ffffff;width:100%;\\" role=\\"presentation\\" cellspacing=\\"0\\" cellpadding=\\"0\\" border=\\"0\\" align=\\"center\\">
          <tbody>
            <tr>
              <td style=\\"border-left:1px solid #f5f5f5;border-right:1px solid #f5f5f5;direction:ltr;font-size:0px;padding:8px 30px;text-align:center;\\">
                
            
      <div style=\\"font-size:0px;text-align:left;direction:ltr;display:inline-block;vertical-align:top;width:100%;\\" class=\\"mj-column-per-100 outlook-group-fix\\">
        
      <table width=\\"100%\\" role=\\"presentation\\" cellspacing=\\"0\\" cellpadding=\\"0\\" border=\\"0\\">
        <tbody>
          <tr>
            <td style=\\"background-color:#ffffff;vertical-align:top;padding:0px;\\">
              
      <table width=\\"100%\\" style=\\"\\" role=\\"presentation\\" cellspacing=\\"0\\" cellpadding=\\"0\\" border=\\"0\\">
        
      </table>
    
            </td>
          </tr>
        </tbody>
      </table>
    
      </div>
    
          
              </td>
            </tr>
          </tbody>
        </table>
        
      </div>
    
      
      
    
      
      <div style=\\"background:#ffffff;background-color:#ffffff;margin:0px auto;max-width:582px;\\" class=\\"c--block c--block-text\\">
        
        <table style=\\"background:#ffffff;background-color:#ffffff;width:100%;\\" role=\\"presentation\\" cellspacing=\\"0\\" cellpadding=\\"0\\" border=\\"0\\" align=\\"center\\">
          <tbody>
            <tr>
              <td style=\\"border-left:1px solid #f5f5f5;border-right:1px solid #f5f5f5;direction:ltr;font-size:0px;padding:8px 30px;text-align:center;\\">
                
            
      <div style=\\"font-size:0px;text-align:left;direction:ltr;display:inline-block;vertical-align:top;width:100%;\\" class=\\"mj-column-per-100 outlook-group-fix\\">
        
      <table width=\\"100%\\" role=\\"presentation\\" cellspacing=\\"0\\" cellpadding=\\"0\\" border=\\"0\\">
        <tbody>
          <tr>
            <td style=\\"background-color:transparent;vertical-align:top;padding:4px 0px;\\">
              
      <table width=\\"100%\\" style=\\"\\" role=\\"presentation\\" cellspacing=\\"0\\" cellpadding=\\"0\\" border=\\"0\\">
        
            <tbody><tr>
              <td style=\\"font-size:0px;padding:0px;word-break:break-word;\\" class=\\"c--text-text\\" align=\\"left\\">
                
      <div style=\\"font-family:Helvetica, Arial, sans-serif;font-size:14px;line-height:18px;text-align:left;color:#4C4C4C;\\">Good Day!</div>
    
              </td>
            </tr>
          
      </tbody></table>
    
            </td>
          </tr>
        </tbody>
      </table>
    
      </div>
    
          
              </td>
            </tr>
          </tbody>
        </table>
        
      </div>
    
      
      
    
      
      <div style=\\"background:#ffffff;background-color:#ffffff;margin:0px auto;max-width:582px;\\" class=\\"c--block c--block-action\\">
        
        <table style=\\"background:#ffffff;background-color:#ffffff;width:100%;\\" role=\\"presentation\\" cellspacing=\\"0\\" cellpadding=\\"0\\" border=\\"0\\" align=\\"center\\">
          <tbody>
            <tr>
              <td style=\\"border-left:1px solid #f5f5f5;border-right:1px solid #f5f5f5;direction:ltr;font-size:0px;padding:8px 30px;text-align:center;\\">
                
            
      <div style=\\"font-size:0px;text-align:left;direction:ltr;display:inline-block;vertical-align:top;width:100%;\\" class=\\"mj-column-per-100 outlook-group-fix\\">
        
      <table width=\\"100%\\" role=\\"presentation\\" cellspacing=\\"0\\" cellpadding=\\"0\\" border=\\"0\\">
        <tbody>
          <tr>
            <td style=\\"background-color:#ffffff;vertical-align:top;padding:0px;\\">
              
      <table width=\\"100%\\" style=\\"\\" role=\\"presentation\\" cellspacing=\\"0\\" cellpadding=\\"0\\" border=\\"0\\">
        
            <tbody><tr>
              <td style=\\"font-size:0px;padding:8px 0px;word-break:break-word;\\" align=\\"center\\">
                
      <table style=\\"border-collapse:separate;line-height:100%;\\" role=\\"presentation\\" cellspacing=\\"0\\" cellpadding=\\"0\\" border=\\"0\\">
        <tbody><tr>
          <td valign=\\"middle\\" style=\\"border:none;border-radius:4px;cursor:auto;mso-padding-alt:10px 20px;background:#9d3789;\\" role=\\"presentation\\" bgcolor=\\"#9d3789\\" align=\\"center\\">
            <a href=\\"REPLACED\\">
              Click Me!
            </a>
          </td>
        </tr>
      </tbody></table>
    
              </td>
            </tr>
          
      </tbody></table>
    
            </td>
          </tr>
        </tbody>
      </table>
    
      </div>
    
          
              </td>
            </tr>
          </tbody>
        </table>
        
      </div>
    
      
      
    
      
      <div style=\\"background: #ffffff; background-color: #ffffff; margin: 0px auto; max-width: 582px;\\" class=\\"c--email-footer\\">
        
        <table style=\\"background:#ffffff;background-color:#ffffff;width:100%;\\" role=\\"presentation\\" cellspacing=\\"0\\" cellpadding=\\"0\\" border=\\"0\\" align=\\"center\\">
          <tbody>
            <tr>
              <td style=\\"border-left:1px solid #f5f5f5;border-right:1px solid #f5f5f5;direction:ltr;font-size:0px;padding:0px;text-align:center;\\">
                
            
      <div style=\\"font-size:0px;text-align:left;direction:ltr;display:inline-block;vertical-align:top;width:100%;\\" class=\\"mj-column-per-100 outlook-group-fix\\">
        
      <table width=\\"100%\\" role=\\"presentation\\" cellspacing=\\"0\\" cellpadding=\\"0\\" border=\\"0\\">
        <tbody>
          <tr>
            <td style=\\"background-color:#ffffff;vertical-align:top;padding:0px;\\">
              
      <table width=\\"100%\\" style=\\"\\" role=\\"presentation\\" cellspacing=\\"0\\" cellpadding=\\"0\\" border=\\"0\\">
        
            <tbody><tr>
              <td style=\\"font-size:0px;word-break:break-word;\\">
                
      
    
  
      <div style=\\"height:20px;\\">
        &nbsp;
      </div>
      
    
  
    
              </td>
            </tr>
          
      </tbody></table>
    
            </td>
          </tr>
        </tbody>
      </table>
    
      </div>
    
          
              </td>
            </tr>
          </tbody>
        </table>
        
      </div>
    
      
      
    
      
      <div style=\\"border-radius: 0 0 7px 7px; border-bottom: 1px solid #f5f5f5; background: #ffffff; background-color: #ffffff; margin: 0px auto; max-width: 582px;\\" class=\\"c--email-footer c--courier-footer\\">
        
        <table style=\\"background:#ffffff;background-color:#ffffff;width:100%;\\" role=\\"presentation\\" cellspacing=\\"0\\" cellpadding=\\"0\\" border=\\"0\\" align=\\"center\\">
          <tbody>
            <tr>
              <td style=\\"border-left:1px solid #f5f5f5;border-right:1px solid #f5f5f5;direction:ltr;font-size:0px;padding:10px;padding-top:0;text-align:center;\\">
                
            
      <div style=\\"font-size:0px;text-align:left;direction:ltr;display:inline-block;vertical-align:top;width:100%;\\" class=\\"mj-column-per-100 outlook-group-fix\\">
        
      <table width=\\"100%\\" role=\\"presentation\\" cellspacing=\\"0\\" cellpadding=\\"0\\" border=\\"0\\">
        <tbody>
          <tr>
            <td style=\\"background-color:#ffffff;vertical-align:top;padding:0px;padding-bottom:10px;\\">
              
      <table width=\\"100%\\" style=\\"\\" role=\\"presentation\\" cellspacing=\\"0\\" cellpadding=\\"0\\" border=\\"0\\">
        
            <tbody><tr>
              <td style=\\"font-size:0px;padding:0px;word-break:break-word;\\" class=\\"c--text-subtext\\" align=\\"center\\">
                
      <div style=\\"font-family:Helvetica, Arial, sans-serif;font-size:11px;line-height:15px;text-align:center;color:#8F8F8F;\\">Powered By <strong><a href=\\"REPLACED\\">Courier</a></strong></div>
    
              </td>
            </tr>
          
      </tbody></table>
    
            </td>
          </tr>
        </tbody>
      </table>
    
      </div>
    
          
              </td>
            </tr>
          </tbody>
        </table>
        
      </div>
    
      
      
              </td>
            </tr>
          </tbody>
        </table>
        
      </div>
    
      
      
    
    <img src=\\"REPLACED\\">
      </div>
    
      
    
  </body></html>"
`;

exports[`send api v2 - email can get rendered subject 1`] = `"Hello, Smokey"`;
